{"timestamp": "2024-12-23T07:15:00.388376", "type": "connection", "message": "New connection established: 09Ulqt1YtAF08hyIA+UVDA=="}
{"timestamp": "2024-12-23T07:15:54.345766", "type": "connection", "message": "New connection established: fahbXUk2SQmWk3OG+4r1Dg=="}
{"timestamp": "2024-12-23T07:16:49.919783", "type": "connection", "message": "New connection established: TIkU+K1v54Afz/vrEZluRA=="}
{"timestamp": "2024-12-23T07:16:59.834842", "type": "chat", "message": "[2024-12-23 07:16:59] [TIkU+K1v54Afz/vrEZluRA==] Client: hi"}
{"timestamp": "2024-12-23T07:16:59.834842", "type": "chat", "message": "[2024-12-23 07:16:59] [TIkU+K1v54Afz/vrEZluRA==] Server: HI"}
{"timestamp": "2024-12-23T07:17:48.397952", "type": "chat", "message": "[2024-12-23 07:17:48] [TIkU+K1v54Afz/vrEZluRA==] Client: cmm"}
{"timestamp": "2024-12-23T07:17:48.412026", "type": "chat", "message": "[2024-12-23 07:17:48] [TIkU+K1v54Afz/vrEZluRA==] Server: CMM"}
{"timestamp": "2024-12-23T07:18:30.071048", "type": "connection", "message": "New connection established: W1UcmQwp+I4DHG6ks7g5Iw=="}
{"timestamp": "2024-12-23T07:18:40.710910", "type": "chat", "message": "[2024-12-23 07:18:40] [W1UcmQwp+I4DHG6ks7g5Iw==] Client: hi"}
{"timestamp": "2024-12-23T07:18:40.726599", "type": "chat", "message": "[2024-12-23 07:18:40] [W1UcmQwp+I4DHG6ks7g5Iw==] Server: HI"}
{"timestamp": "2024-12-23T07:23:55.837315", "type": "connection", "message": "New connection established: Fs26HBR3uRXuIYMfxDKCsA=="}
{"timestamp": "2024-12-23T07:24:02.654915", "type": "chat", "message": "[2024-12-23 07:24:02] [Fs26HBR3uRXuIYMfxDKCsA==] Client: hi"}
{"timestamp": "2024-12-23T07:24:02.658334", "type": "chat", "message": "[2024-12-23 07:24:02] [Fs26HBR3uRXuIYMfxDKCsA==] Server: HI"}
{"timestamp": "2024-12-23T07:50:51.984324", "type": "connection", "message": "New connection established: EAHQttWcmk5wbCbFCA55ew=="}
{"timestamp": "2024-12-23T07:51:17.099284", "type": "chat", "message": "[2024-12-23 07:51:17] [EAHQttWcmk5wbCbFCA55ew==] Client: hi"}
{"timestamp": "2024-12-23T07:51:17.099284", "type": "chat", "message": "[2024-12-23 07:51:17] [EAHQttWcmk5wbCbFCA55ew==] Server: HI"}
{"timestamp": "2024-12-23T08:08:56.106308", "type": "connection", "message": "New connection established: v/WswIVU2rlpWr9rrjbcJQ=="}
{"timestamp": "2024-12-23T08:09:07.647974", "type": "chat", "message": "[2024-12-23 08:09:07] [v/WswIVU2rlpWr9rrjbcJQ==] Client: hi"}
{"timestamp": "2024-12-23T08:09:07.647974", "type": "chat", "message": "[2024-12-23 08:09:07] [v/WswIVU2rlpWr9rrjbcJQ==] Server: HI"}
{"timestamp": "2024-12-23T08:10:00.940133", "type": "connection", "message": "New connection established: qdHDDeb1LYi1XUaka/CGWQ=="}
{"timestamp": "2024-12-23T08:23:39.657703", "type": "connection", "message": "New connection established: 8KBC+oOwcj21x6iOD8dqgg=="}
{"timestamp": "2024-12-23T09:07:14.508887", "type": "connection", "message": "New connection established: cyhyy4db1I7pqIfnPkisqQ=="}
{"timestamp": "2024-12-23T09:07:46.984409", "type": "connection", "message": "New connection established: W2B+8fJ1JnQOiGXZGe3K5A=="}
{"timestamp": "2024-12-23T09:19:54.643737", "type": "connection", "message": "New connection established: K4zFjOCaYnl3vqgl8jqqeg=="}
{"timestamp": "2024-12-23T09:25:49.729651", "type": "connection", "message": "New connection established: +oul824x+ktQenjCuarMOA=="}
{"timestamp": "2024-12-23T09:25:57.570872", "type": "chat", "message": "[2024-12-23 09:25:57] [+oul824x+ktQenjCuarMOA==] Client: hi"}
{"timestamp": "2024-12-23T09:25:57.570872", "type": "chat", "message": "[2024-12-23 09:25:57] [+oul824x+ktQenjCuarMOA==] Server: HI"}
{"timestamp": "2024-12-23T09:26:39.311951", "type": "connection", "message": "New connection established: aGYQUjeKWTkvDQL0He0vUg=="}
{"timestamp": "2024-12-23T11:34:33.741244", "type": "connection", "message": "New connection established: vzkjvYYAkC0KSa25a9D01A=="}
{"timestamp": "2024-12-23T11:35:40.576026", "type": "connection", "message": "New connection established: lmvp3khL02PrGkrWKwKhUA=="}
{"timestamp": "2024-12-23T11:44:53.001033", "type": "connection", "message": "New connection established: rZaRWftafcV57Zo7YOKD1A=="}
{"timestamp": "2024-12-23T12:07:13.988405", "type": "connection", "message": "New connection established: /1+1rynIc7jcUN+cXkuMOg=="}
{"timestamp": "2024-12-23T12:07:13.988405", "type": "key_exchange", "message": "\n            Attack Type: small_exponent\n            Session ID: /1+1rynIc7jcUN+cXkuMOg==\n            Pre-Master Secret: 3a9bcd009924da4e6555fc636c02a4d3\n            Client Random: ed163da3b236f390f77b549d90a0f398\n            Server Random: 780d49378d081fea4fe89eee81aab964\n            Session Key: 6bf046549f4a6243d6063281c86db35f\n            "}
{"timestamp": "2024-12-23T12:11:59.186871", "type": "connection", "message": "New connection established: jgJy37E1o3fXU6Qc0KfNeA=="}
{"timestamp": "2024-12-23T12:12:07.334074", "type": "chat", "message": "[2024-12-23 12:12:07] [jgJy37E1o3fXU6Qc0KfNeA==] Client: hi"}
{"timestamp": "2024-12-23T12:12:07.335060", "type": "chat", "message": "[2024-12-23 12:12:07] [jgJy37E1o3fXU6Qc0KfNeA==] Server: HI"}
{"timestamp": "2024-12-23T12:19:52.324257", "type": "connection", "message": "New connection established: ikGCnfq+8PCZPZ84KeFVQw=="}
{"timestamp": "2024-12-23T12:20:05.542729", "type": "chat", "message": "[2024-12-23 12:20:05] [ikGCnfq+8PCZPZ84KeFVQw==] Client: hi"}
{"timestamp": "2024-12-23T12:20:05.544744", "type": "chat", "message": "[2024-12-23 12:20:05] [ikGCnfq+8PCZPZ84KeFVQw==] Server: HI"}
{"timestamp": "2024-12-23T12:24:43.533221", "type": "connection", "message": "New connection established: 7ZcKfsWZI5g7jtWVKnOSUA=="}
{"timestamp": "2024-12-23T12:36:17.515968", "type": "connection", "message": "New connection established: CjXDFWfQA0xxtTwD7KDvgg=="}
{"timestamp": "2024-12-23T12:44:17.061515", "type": "connection", "message": "New connection established: h4mInAr27ozOB4kOLiXR7Q=="}
{"timestamp": "2024-12-23T12:46:18.162778", "type": "chat", "message": "[2024-12-23 12:46:18] [h4mInAr27ozOB4kOLiXR7Q==] Client: hi"}
{"timestamp": "2024-12-23T12:46:18.163790", "type": "chat", "message": "[2024-12-23 12:46:18] [h4mInAr27ozOB4kOLiXR7Q==] Server: HI"}
