{"timestamp": "2025-01-12T19:28:20.198101", "type": "connection", "message": "New connection established: gggg (Qfa3aclxFI7HpT75Ac5uZg==)"}
{"timestamp": "2025-01-12T19:28:28.371827", "type": "chat", "message": "[2025-01-12 19:28:28] [gggg] Client: hi"}
{"timestamp": "2025-01-12T19:28:28.371827", "type": "chat", "message": "[2025-01-12 19:28:28] [gggg] Server: HI"}
{"timestamp": "2025-01-12T19:43:54.750079", "type": "connection", "message": "New connection established: hi (TBDMGWNUoxVIdkN9Q2jPKg==) with e=65537"}
{"timestamp": "2025-01-12T19:44:02.595514", "type": "chat", "message": "[2025-01-12 19:44:02] [hi] Client: hi"}
{"timestamp": "2025-01-12T19:44:02.595514", "type": "chat", "message": "[2025-01-12 19:44:02] [hi] Server: HI"}
{"timestamp": "2025-01-12T19:45:31.513314", "type": "connection", "message": "New connection established: hello (AtaMTRmRaGTZiWnSsDPi+A==) with e=65537"}
{"timestamp": "2025-01-12T19:46:03.267312", "type": "chat", "message": "[2025-01-12 19:46:03] [hi] Client: hi"}
{"timestamp": "2025-01-12T19:46:03.267312", "type": "chat", "message": "[2025-01-12 19:46:03] [hi] Server: HI"}
{"timestamp": "2025-01-12T19:46:09.049190", "type": "chat", "message": "[2025-01-12 19:46:09] [hello] Client: MI"}
{"timestamp": "2025-01-12T19:46:09.052245", "type": "chat", "message": "[2025-01-12 19:46:09] [hello] Server: MI"}
{"timestamp": "2025-01-12T19:46:24.155445", "type": "chat", "message": "[2025-01-12 19:46:24] [hello] Client: T4"}
{"timestamp": "2025-01-12T19:46:24.155445", "type": "chat", "message": "[2025-01-12 19:46:24] [hello] Server: T4"}
{"timestamp": "2025-01-12T19:46:45.632673", "type": "connection", "message": "New connection established: hello (/s6h6apGKH0Fez2Hvf5cyw==) with e=65537"}
{"timestamp": "2025-01-12T19:46:50.654225", "type": "chat", "message": "[2025-01-12 19:46:50] [hello] Client: K8"}
{"timestamp": "2025-01-12T19:46:50.654225", "type": "chat", "message": "[2025-01-12 19:46:50] [hello] Server: K8"}
{"timestamp": "2025-01-12T19:48:25.707117", "type": "connection", "message": "New connection established: hi (b45xP0q6iuVOWtiJb3jjOA==) with e=65537"}
{"timestamp": "2025-01-12T19:48:31.437530", "type": "chat", "message": "[2025-01-12 19:48:31] [hi] Client: hello"}
{"timestamp": "2025-01-12T19:48:31.439772", "type": "chat", "message": "[2025-01-12 19:48:31] [hi] Server: HELLO"}
{"timestamp": "2025-01-12T19:48:39.262389", "type": "chat", "message": "[2025-01-12 19:48:39] [hi] Client: csakdjsdasldsadsss"}
{"timestamp": "2025-01-12T19:48:39.262389", "type": "chat", "message": "[2025-01-12 19:48:39] [hi] Server: CSAKDJSDASLDSADSSS"}
{"timestamp": "2025-01-12T19:48:52.158484", "type": "connection", "message": "New connection established: fff (4CriuGcJbb+YUysydvh7HA==) with e=65537"}
{"timestamp": "2025-01-12T19:53:56.927304", "type": "connection", "message": "New connection established: hi (/L6l0IRqS5XxjbLVHsc4pQ==) with e=65537"}
{"timestamp": "2025-01-12T19:55:20.710866", "type": "connection", "message": "New connection established: sss (gGyylFW9xnSyTmOyNu5F/g==) with e=65537"}
{"timestamp": "2025-01-12T19:56:13.538426", "type": "chat", "message": "[2025-01-12 19:56:13] [sss] Client: E\u0005"}
{"timestamp": "2025-01-12T19:56:13.538426", "type": "chat", "message": "[2025-01-12 19:56:13] [sss] Server: E\u0005"}
{"timestamp": "2025-01-12T19:56:18.940198", "type": "chat", "message": "[2025-01-12 19:56:18] [hi] Client: alo"}
{"timestamp": "2025-01-12T19:56:18.940198", "type": "chat", "message": "[2025-01-12 19:56:18] [hi] Server: ALO"}
{"timestamp": "2025-01-12T19:58:55.078100", "type": "connection", "message": "New connection established: user1 (M5pXJXyBsrZWfaE6pYEF4A==) with e=65537"}
{"timestamp": "2025-01-12T20:00:01.428618", "type": "connection", "message": "New connection established: user2 (uPcpm8oKmXVzD+PwidR/2A==) with e=65537"}
{"timestamp": "2025-01-12T20:00:49.917265", "type": "chat", "message": "[2025-01-12 20:00:49] [user1] Client: hi user1"}
{"timestamp": "2025-01-12T20:00:49.917265", "type": "chat", "message": "[2025-01-12 20:00:49] [user1] Server: HI USER1"}
{"timestamp": "2025-01-12T20:02:42.798905", "type": "connection", "message": "New connection established: user1 (XLo9YBdYlyLjGrNB/iuwBA==) with e=65537"}
{"timestamp": "2025-01-12T20:02:49.632210", "type": "chat", "message": "[2025-01-12 20:02:49] [user1] Client: hello"}
{"timestamp": "2025-01-12T20:02:49.632210", "type": "chat", "message": "[2025-01-12 20:02:49] [user1] Server: HELLO"}
{"timestamp": "2025-01-12T20:05:05.103449", "type": "connection", "message": "New connection established: user2 (bMrM7Gkst2FQdCR4tWofYg==) with e=65537"}
{"timestamp": "2025-01-12T20:24:02.161086", "type": "connection", "message": "New connection established: hi (F/U8aci0308DNW9nR0rTWQ==) with e=65537"}
{"timestamp": "2025-01-12T20:24:06.841033", "type": "chat", "message": "[2025-01-12 20:24:06] [hi] Client: hi"}
{"timestamp": "2025-01-12T20:24:06.841033", "type": "chat", "message": "[2025-01-12 20:24:06] [hi] Server: HI"}
{"timestamp": "2025-01-12T20:24:21.372190", "type": "connection", "message": "New connection established: hih (UYV/1PihpPabzGQKO7Evbw==) with e=65537"}
{"timestamp": "2025-01-12T21:51:28.231239", "type": "connection", "message": "New connection established: user1 (vSe1EuJhMPSFy7YfkqiJnQ==) with e=65537"}
{"timestamp": "2025-01-12T21:51:38.408359", "type": "connection", "message": "New connection established: user2 (vzxW1ljuf1EYZBiPl2sOng==) with e=65537"}
